[2026-03-01T12:21:46.611+0000] {local_task_job_runner.py:123} INFO - ::group::Pre task execution logs
[2026-03-01T12:21:46.639+0000] {taskinstance.py:2614} INFO - Dependencies all met for dep_context=non-requeueable deps ti=<TaskInstance: flight_fare_stages_2_to_7.stage_4_baseline_model manual__2026-03-01T12:18:51.768282+00:00 [queued]>
[2026-03-01T12:21:46.654+0000] {taskinstance.py:2614} INFO - Dependencies all met for dep_context=requeueable deps ti=<TaskInstance: flight_fare_stages_2_to_7.stage_4_baseline_model manual__2026-03-01T12:18:51.768282+00:00 [queued]>
[2026-03-01T12:21:46.688+0000] {taskinstance.py:2867} INFO - Starting attempt 1 of 2
[2026-03-01T12:21:46.879+0000] {taskinstance.py:2890} INFO - Executing <Task(PythonOperator): stage_4_baseline_model> on 2026-03-01 12:18:51.768282+00:00
[2026-03-01T12:21:46.944+0000] {standard_task_runner.py:72} INFO - Started process 473 to run task
[2026-03-01T12:21:46.950+0000] {standard_task_runner.py:104} INFO - Running: ['***', 'tasks', 'run', 'flight_fare_stages_2_to_7', 'stage_4_baseline_model', 'manual__2026-03-01T12:18:51.768282+00:00', '--job-id', '7', '--raw', '--subdir', 'DAGS_FOLDER/flight_fare_stages_2_to_7_dag.py', '--cfg-path', '/tmp/tmp0ewltqes']
[2026-03-01T12:21:46.955+0000] {standard_task_runner.py:105} INFO - Job 7: Subtask stage_4_baseline_model
[2026-03-01T12:21:47.244+0000] {task_command.py:467} INFO - Running <TaskInstance: flight_fare_stages_2_to_7.stage_4_baseline_model manual__2026-03-01T12:18:51.768282+00:00 [running]> on host ad5cf56276c4
[2026-03-01T12:21:47.918+0000] {taskinstance.py:3134} INFO - Exporting env vars: AIRFLOW_CTX_DAG_EMAIL='cenartech0@gmail.com' AIRFLOW_CTX_DAG_OWNER='***' AIRFLOW_CTX_DAG_ID='flight_fare_stages_2_to_7' AIRFLOW_CTX_TASK_ID='stage_4_baseline_model' AIRFLOW_CTX_EXECUTION_DATE='2026-03-01T12:18:51.768282+00:00' AIRFLOW_CTX_TRY_NUMBER='1' AIRFLOW_CTX_DAG_RUN_ID='manual__2026-03-01T12:18:51.768282+00:00'
[2026-03-01T12:21:47.921+0000] {taskinstance.py:732} INFO - ::endgroup::
[2026-03-01T12:21:47.971+0000] {logging_mixin.py:190} WARNING - 2026-03-01 12:21:47 | INFO | flight_fare.stage4 | run_stage_4 | Starting Stage 4 baseline model pipeline.
[2026-03-01T12:21:52.643+0000] {logging_mixin.py:190} WARNING - 2026-03-01 12:21:52 | INFO | flight_fare.stage4 | run_stage_4 | Stage 4 completed successfully.
[2026-03-01T12:21:52.646+0000] {logging_mixin.py:190} WARNING - 2026-03-01 12:21:52 | INFO | flight_fare.stage4 | run_stage_4 | Test metrics: R2=0.5700 MAE=40677.8359 RMSE=53537.9059
[2026-03-01T12:21:52.650+0000] {python.py:240} INFO - Done. Returned value was: None
[2026-03-01T12:21:52.669+0000] {taskinstance.py:341} INFO - ::group::Post task execution logs
[2026-03-01T12:21:52.671+0000] {taskinstance.py:353} INFO - Marking task as SUCCESS. dag_id=flight_fare_stages_2_to_7, task_id=stage_4_baseline_model, run_id=manual__2026-03-01T12:18:51.768282+00:00, execution_date=20260301T121851, start_date=20260301T122146, end_date=20260301T122152
[2026-03-01T12:21:52.766+0000] {local_task_job_runner.py:266} INFO - Task exited with return code 0
[2026-03-01T12:21:52.811+0000] {taskinstance.py:3901} INFO - 1 downstream tasks scheduled from follow-on schedule check
[2026-03-01T12:21:52.817+0000] {local_task_job_runner.py:245} INFO - ::endgroup::
