[2026-03-01T12:21:08.531+0000] {local_task_job_runner.py:123} INFO - ::group::Pre task execution logs
[2026-03-01T12:21:08.570+0000] {taskinstance.py:2614} INFO - Dependencies all met for dep_context=non-requeueable deps ti=<TaskInstance: flight_fare_stages_2_to_7.stage_1_automated_problem-framing_preprocessing manual__2026-03-01T12:18:51.768282+00:00 [queued]>
[2026-03-01T12:21:08.592+0000] {taskinstance.py:2614} INFO - Dependencies all met for dep_context=requeueable deps ti=<TaskInstance: flight_fare_stages_2_to_7.stage_1_automated_problem-framing_preprocessing manual__2026-03-01T12:18:51.768282+00:00 [queued]>
[2026-03-01T12:21:08.594+0000] {taskinstance.py:2867} INFO - Starting attempt 2 of 2
[2026-03-01T12:21:08.630+0000] {taskinstance.py:2890} INFO - Executing <Task(PythonOperator): stage_1_automated_problem-framing_preprocessing> on 2026-03-01 12:18:51.768282+00:00
[2026-03-01T12:21:08.652+0000] {standard_task_runner.py:72} INFO - Started process 385 to run task
[2026-03-01T12:21:08.661+0000] {standard_task_runner.py:104} INFO - Running: ['***', 'tasks', 'run', 'flight_fare_stages_2_to_7', 'stage_1_automated_problem-framing_preprocessing', 'manual__2026-03-01T12:18:51.768282+00:00', '--job-id', '4', '--raw', '--subdir', 'DAGS_FOLDER/flight_fare_stages_2_to_7_dag.py', '--cfg-path', '/tmp/tmpj2st2d_2']
[2026-03-01T12:21:08.674+0000] {standard_task_runner.py:105} INFO - Job 4: Subtask stage_1_automated_problem-framing_preprocessing
[2026-03-01T12:21:08.818+0000] {task_command.py:467} INFO - Running <TaskInstance: flight_fare_stages_2_to_7.stage_1_automated_problem-framing_preprocessing manual__2026-03-01T12:18:51.768282+00:00 [running]> on host ad5cf56276c4
[2026-03-01T12:21:09.647+0000] {taskinstance.py:3134} INFO - Exporting env vars: AIRFLOW_CTX_DAG_EMAIL='cenartech0@gmail.com' AIRFLOW_CTX_DAG_OWNER='***' AIRFLOW_CTX_DAG_ID='flight_fare_stages_2_to_7' AIRFLOW_CTX_TASK_ID='stage_1_automated_problem-framing_preprocessing' AIRFLOW_CTX_EXECUTION_DATE='2026-03-01T12:18:51.768282+00:00' AIRFLOW_CTX_TRY_NUMBER='2' AIRFLOW_CTX_DAG_RUN_ID='manual__2026-03-01T12:18:51.768282+00:00'
[2026-03-01T12:21:09.658+0000] {taskinstance.py:732} INFO - ::endgroup::
[2026-03-01T12:21:09.780+0000] {logging_mixin.py:190} WARNING - 2026-03-01 12:21:09 | INFO | flight_fare.stage1 | run_stage_1 | Starting Stage 1 pipeline execution.
[2026-03-01T12:21:09.785+0000] {logging_mixin.py:190} WARNING - 2026-03-01 12:21:09 | INFO | flight_fare.stage1 | run_stage_1 | Dataset path: /opt/***/notebook/raw_bangladesh_data/Flight_Price_Dataset_of_Bangladesh.csv
[2026-03-01T12:21:09.791+0000] {logging_mixin.py:190} WARNING - 2026-03-01 12:21:09 | INFO | flight_fare.stage1 | load_flight_dataset | Loading dataset from /opt/***/notebook/raw_bangladesh_data/Flight_Price_Dataset_of_Bangladesh.csv (attempt 1/3).
[2026-03-01T12:21:11.197+0000] {logging_mixin.py:190} WARNING - 2026-03-01 12:21:11 | INFO | flight_fare.stage1 | load_flight_dataset | Dataset loaded successfully with 57000 rows.
[2026-03-01T12:21:11.204+0000] {logging_mixin.py:190} WARNING - 2026-03-01 12:21:11 | INFO | flight_fare.stage1 | generate_initial_profile | Generating Stage 1 dataset profile.
[2026-03-01T12:21:12.016+0000] {logging_mixin.py:190} WARNING - 2026-03-01 12:21:12 | INFO | flight_fare.stage1 | run_stage_1 | Stage 1 completed successfully.
[2026-03-01T12:21:12.020+0000] {logging_mixin.py:190} WARNING - 2026-03-01 12:21:12 | INFO | flight_fare.stage1 | run_stage_1 | Profile artifact: /opt/***/artifacts/stage_1/data_profile.json
[2026-03-01T12:21:12.024+0000] {logging_mixin.py:190} WARNING - 2026-03-01 12:21:12 | INFO | flight_fare.stage1 | run_stage_1 | Problem definition artifact: /opt/***/artifacts/stage_1/problem_definition.md
[2026-03-01T12:21:12.041+0000] {python.py:240} INFO - Done. Returned value was: None
[2026-03-01T12:21:12.077+0000] {taskinstance.py:341} INFO - ::group::Post task execution logs
[2026-03-01T12:21:12.080+0000] {taskinstance.py:353} INFO - Marking task as SUCCESS. dag_id=flight_fare_stages_2_to_7, task_id=stage_1_automated_problem-framing_preprocessing, run_id=manual__2026-03-01T12:18:51.768282+00:00, execution_date=20260301T121851, start_date=20260301T122108, end_date=20260301T122112
[2026-03-01T12:21:12.223+0000] {local_task_job_runner.py:266} INFO - Task exited with return code 0
[2026-03-01T12:21:12.281+0000] {taskinstance.py:3901} INFO - 1 downstream tasks scheduled from follow-on schedule check
[2026-03-01T12:21:12.288+0000] {local_task_job_runner.py:245} INFO - ::endgroup::
