[2026-03-01T12:21:55.899+0000] {local_task_job_runner.py:123} INFO - ::group::Pre task execution logs
[2026-03-01T12:21:55.928+0000] {taskinstance.py:2614} INFO - Dependencies all met for dep_context=non-requeueable deps ti=<TaskInstance: flight_fare_stages_2_to_7.stage_5_advanced_modeling manual__2026-03-01T12:18:51.768282+00:00 [queued]>
[2026-03-01T12:21:55.942+0000] {taskinstance.py:2614} INFO - Dependencies all met for dep_context=requeueable deps ti=<TaskInstance: flight_fare_stages_2_to_7.stage_5_advanced_modeling manual__2026-03-01T12:18:51.768282+00:00 [queued]>
[2026-03-01T12:21:55.944+0000] {taskinstance.py:2867} INFO - Starting attempt 1 of 2
[2026-03-01T12:21:55.962+0000] {taskinstance.py:2890} INFO - Executing <Task(PythonOperator): stage_5_advanced_modeling> on 2026-03-01 12:18:51.768282+00:00
[2026-03-01T12:21:55.978+0000] {standard_task_runner.py:72} INFO - Started process 512 to run task
[2026-03-01T12:21:55.984+0000] {standard_task_runner.py:104} INFO - Running: ['***', 'tasks', 'run', 'flight_fare_stages_2_to_7', 'stage_5_advanced_modeling', 'manual__2026-03-01T12:18:51.768282+00:00', '--job-id', '8', '--raw', '--subdir', 'DAGS_FOLDER/flight_fare_stages_2_to_7_dag.py', '--cfg-path', '/tmp/tmpeihy_ijs']
[2026-03-01T12:21:55.991+0000] {standard_task_runner.py:105} INFO - Job 8: Subtask stage_5_advanced_modeling
[2026-03-01T12:21:56.122+0000] {task_command.py:467} INFO - Running <TaskInstance: flight_fare_stages_2_to_7.stage_5_advanced_modeling manual__2026-03-01T12:18:51.768282+00:00 [running]> on host ad5cf56276c4
[2026-03-01T12:21:56.599+0000] {taskinstance.py:3134} INFO - Exporting env vars: AIRFLOW_CTX_DAG_EMAIL='cenartech0@gmail.com' AIRFLOW_CTX_DAG_OWNER='***' AIRFLOW_CTX_DAG_ID='flight_fare_stages_2_to_7' AIRFLOW_CTX_TASK_ID='stage_5_advanced_modeling' AIRFLOW_CTX_EXECUTION_DATE='2026-03-01T12:18:51.768282+00:00' AIRFLOW_CTX_TRY_NUMBER='1' AIRFLOW_CTX_DAG_RUN_ID='manual__2026-03-01T12:18:51.768282+00:00'
[2026-03-01T12:21:56.603+0000] {taskinstance.py:732} INFO - ::endgroup::
[2026-03-01T12:21:56.659+0000] {logging_mixin.py:190} WARNING - 2026-03-01 12:21:56 | INFO | flight_fare.stage5 | run_stage_5 | Starting Stage 5 advanced modeling pipeline.
[2026-03-01T12:21:57.739+0000] {logging_mixin.py:190} WARNING - 2026-03-01 12:21:57 | INFO | flight_fare.stage5 | run_stage_5 | Tuning sample rows: 11400 of 45600
[2026-03-01T12:21:57.743+0000] {logging_mixin.py:190} WARNING - 2026-03-01 12:21:57 | INFO | flight_fare.stage5 | run_stage_5 | Tuning model: Ridge
[2026-03-01T12:21:57.754+0000] {logging_mixin.py:190} WARNING - /home/***/.local/lib/python3.11/site-packages/joblib/parallel.py:1379 UserWarning: Loky-backed parallel loops cannot be called in a multiprocessing, setting n_jobs=1
[2026-03-01T12:21:58.905+0000] {logging_mixin.py:190} WARNING - 2026-03-01 12:21:58 | INFO | flight_fare.stage5 | run_stage_5 | Completed Ridge: CV RMSE=53256.274, Test RMSE=53536.722
[2026-03-01T12:21:58.908+0000] {logging_mixin.py:190} WARNING - 2026-03-01 12:21:58 | INFO | flight_fare.stage5 | run_stage_5 | Tuning model: Lasso
[2026-03-01T12:21:58.939+0000] {logging_mixin.py:190} WARNING - /home/***/.local/lib/python3.11/site-packages/joblib/parallel.py:1379 UserWarning: Loky-backed parallel loops cannot be called in a multiprocessing, setting n_jobs=1
[2026-03-01T12:23:29.648+0000] {logging_mixin.py:190} WARNING - /home/***/.local/lib/python3.11/site-packages/sklearn/linear_model/_coordinate_descent.py:716 ConvergenceWarning: Objective did not converge. You might want to increase the number of iterations, check the scale of the features or consider increasing regularisation. Duality gap: 4.219e+12, tolerance: 5.058e+09
[2026-03-01T12:24:44.623+0000] {logging_mixin.py:190} WARNING - /home/***/.local/lib/python3.11/site-packages/sklearn/linear_model/_coordinate_descent.py:716 ConvergenceWarning: Objective did not converge. You might want to increase the number of iterations, check the scale of the features or consider increasing regularisation. Duality gap: 4.278e+12, tolerance: 5.090e+09
[2026-03-01T12:26:07.484+0000] {logging_mixin.py:190} WARNING - /home/***/.local/lib/python3.11/site-packages/sklearn/linear_model/_coordinate_descent.py:716 ConvergenceWarning: Objective did not converge. You might want to increase the number of iterations, check the scale of the features or consider increasing regularisation. Duality gap: 1.595e+12, tolerance: 4.951e+09
[2026-03-01T12:27:24.307+0000] {logging_mixin.py:190} WARNING - /home/***/.local/lib/python3.11/site-packages/sklearn/linear_model/_coordinate_descent.py:716 ConvergenceWarning: Objective did not converge. You might want to increase the number of iterations, check the scale of the features or consider increasing regularisation. Duality gap: 4.219e+12, tolerance: 5.058e+09
[2026-03-01T12:28:50.947+0000] {logging_mixin.py:190} WARNING - /home/***/.local/lib/python3.11/site-packages/sklearn/linear_model/_coordinate_descent.py:716 ConvergenceWarning: Objective did not converge. You might want to increase the number of iterations, check the scale of the features or consider increasing regularisation. Duality gap: 4.278e+12, tolerance: 5.090e+09
[2026-03-01T12:30:08.535+0000] {logging_mixin.py:190} WARNING - /home/***/.local/lib/python3.11/site-packages/sklearn/linear_model/_coordinate_descent.py:716 ConvergenceWarning: Objective did not converge. You might want to increase the number of iterations, check the scale of the features or consider increasing regularisation. Duality gap: 9.538e+11, tolerance: 4.951e+09
[2026-03-01T12:31:26.369+0000] {logging_mixin.py:190} WARNING - /home/***/.local/lib/python3.11/site-packages/sklearn/linear_model/_coordinate_descent.py:716 ConvergenceWarning: Objective did not converge. You might want to increase the number of iterations, check the scale of the features or consider increasing regularisation. Duality gap: 7.103e+12, tolerance: 5.058e+09
[2026-03-01T12:32:42.654+0000] {logging_mixin.py:190} WARNING - /home/***/.local/lib/python3.11/site-packages/sklearn/linear_model/_coordinate_descent.py:716 ConvergenceWarning: Objective did not converge. You might want to increase the number of iterations, check the scale of the features or consider increasing regularisation. Duality gap: 6.723e+12, tolerance: 5.090e+09
[2026-03-01T12:34:10.323+0000] {logging_mixin.py:190} WARNING - /home/***/.local/lib/python3.11/site-packages/sklearn/linear_model/_coordinate_descent.py:716 ConvergenceWarning: Objective did not converge. You might want to increase the number of iterations, check the scale of the features or consider increasing regularisation. Duality gap: 6.553e+12, tolerance: 4.951e+09
[2026-03-01T12:35:45.589+0000] {logging_mixin.py:190} WARNING - /home/***/.local/lib/python3.11/site-packages/sklearn/linear_model/_coordinate_descent.py:716 ConvergenceWarning: Objective did not converge. You might want to increase the number of iterations, check the scale of the features or consider increasing regularisation. Duality gap: 6.029e+12, tolerance: 5.058e+09
[2026-03-01T12:37:34.070+0000] {logging_mixin.py:190} WARNING - /home/***/.local/lib/python3.11/site-packages/sklearn/linear_model/_coordinate_descent.py:716 ConvergenceWarning: Objective did not converge. You might want to increase the number of iterations, check the scale of the features or consider increasing regularisation. Duality gap: 6.145e+12, tolerance: 5.090e+09
[2026-03-01T12:39:07.473+0000] {logging_mixin.py:190} WARNING - /home/***/.local/lib/python3.11/site-packages/sklearn/linear_model/_coordinate_descent.py:716 ConvergenceWarning: Objective did not converge. You might want to increase the number of iterations, check the scale of the features or consider increasing regularisation. Duality gap: 5.152e+12, tolerance: 4.951e+09
[2026-03-01T12:40:54.342+0000] {logging_mixin.py:190} WARNING - 2026-03-01 12:40:54 | WARNING | flight_fare.stage5 | run_with_retries_and_timeout | Operation 'tune_Lasso' timed out on attempt 1/3.
[2026-03-01T12:40:55.981+0000] {logging_mixin.py:190} WARNING - /home/***/.local/lib/python3.11/site-packages/joblib/parallel.py:1379 UserWarning: Loky-backed parallel loops cannot be called in a multiprocessing, setting n_jobs=1
[2026-03-01T12:42:02.654+0000] {logging_mixin.py:190} WARNING - /home/***/.local/lib/python3.11/site-packages/sklearn/linear_model/_coordinate_descent.py:716 ConvergenceWarning: Objective did not converge. You might want to increase the number of iterations, check the scale of the features or consider increasing regularisation. Duality gap: 4.219e+12, tolerance: 5.058e+09
[2026-03-01T12:43:01.199+0000] {logging_mixin.py:190} WARNING - /home/***/.local/lib/python3.11/site-packages/sklearn/linear_model/_coordinate_descent.py:716 ConvergenceWarning: Objective did not converge. You might want to increase the number of iterations, check the scale of the features or consider increasing regularisation. Duality gap: 4.278e+12, tolerance: 5.090e+09
[2026-03-01T12:44:02.028+0000] {logging_mixin.py:190} WARNING - /home/***/.local/lib/python3.11/site-packages/sklearn/linear_model/_coordinate_descent.py:716 ConvergenceWarning: Objective did not converge. You might want to increase the number of iterations, check the scale of the features or consider increasing regularisation. Duality gap: 1.595e+12, tolerance: 4.951e+09
[2026-03-01T12:45:01.981+0000] {logging_mixin.py:190} WARNING - /home/***/.local/lib/python3.11/site-packages/sklearn/linear_model/_coordinate_descent.py:716 ConvergenceWarning: Objective did not converge. You might want to increase the number of iterations, check the scale of the features or consider increasing regularisation. Duality gap: 4.219e+12, tolerance: 5.058e+09
[2026-03-01T12:46:25.097+0000] {logging_mixin.py:190} WARNING - /home/***/.local/lib/python3.11/site-packages/sklearn/linear_model/_coordinate_descent.py:716 ConvergenceWarning: Objective did not converge. You might want to increase the number of iterations, check the scale of the features or consider increasing regularisation. Duality gap: 4.278e+12, tolerance: 5.090e+09
[2026-03-01T12:47:36.246+0000] {logging_mixin.py:190} WARNING - /home/***/.local/lib/python3.11/site-packages/sklearn/linear_model/_coordinate_descent.py:716 ConvergenceWarning: Objective did not converge. You might want to increase the number of iterations, check the scale of the features or consider increasing regularisation. Duality gap: 9.538e+11, tolerance: 4.951e+09
[2026-03-01T12:48:41.709+0000] {logging_mixin.py:190} WARNING - /home/***/.local/lib/python3.11/site-packages/sklearn/linear_model/_coordinate_descent.py:716 ConvergenceWarning: Objective did not converge. You might want to increase the number of iterations, check the scale of the features or consider increasing regularisation. Duality gap: 7.103e+12, tolerance: 5.058e+09
[2026-03-01T12:50:14.289+0000] {logging_mixin.py:190} WARNING - /home/***/.local/lib/python3.11/site-packages/sklearn/linear_model/_coordinate_descent.py:716 ConvergenceWarning: Objective did not converge. You might want to increase the number of iterations, check the scale of the features or consider increasing regularisation. Duality gap: 6.723e+12, tolerance: 5.090e+09
[2026-03-01T12:51:34.973+0000] {logging_mixin.py:190} WARNING - /home/***/.local/lib/python3.11/site-packages/sklearn/linear_model/_coordinate_descent.py:716 ConvergenceWarning: Objective did not converge. You might want to increase the number of iterations, check the scale of the features or consider increasing regularisation. Duality gap: 6.553e+12, tolerance: 4.951e+09
[2026-03-01T12:52:47.481+0000] {logging_mixin.py:190} WARNING - /home/***/.local/lib/python3.11/site-packages/sklearn/linear_model/_coordinate_descent.py:716 ConvergenceWarning: Objective did not converge. You might want to increase the number of iterations, check the scale of the features or consider increasing regularisation. Duality gap: 6.029e+12, tolerance: 5.058e+09
[2026-03-01T12:54:12.709+0000] {logging_mixin.py:190} WARNING - /home/***/.local/lib/python3.11/site-packages/sklearn/linear_model/_coordinate_descent.py:716 ConvergenceWarning: Objective did not converge. You might want to increase the number of iterations, check the scale of the features or consider increasing regularisation. Duality gap: 6.145e+12, tolerance: 5.090e+09
[2026-03-01T12:55:24.309+0000] {logging_mixin.py:190} WARNING - /home/***/.local/lib/python3.11/site-packages/sklearn/linear_model/_coordinate_descent.py:716 ConvergenceWarning: Objective did not converge. You might want to increase the number of iterations, check the scale of the features or consider increasing regularisation. Duality gap: 5.152e+12, tolerance: 4.951e+09
[2026-03-01T12:56:33.114+0000] {logging_mixin.py:190} WARNING - 2026-03-01 12:56:33 | WARNING | flight_fare.stage5 | run_with_retries_and_timeout | Operation 'tune_Lasso' timed out on attempt 2/3.
[2026-03-01T12:56:34.670+0000] {logging_mixin.py:190} WARNING - /home/***/.local/lib/python3.11/site-packages/joblib/parallel.py:1379 UserWarning: Loky-backed parallel loops cannot be called in a multiprocessing, setting n_jobs=1
[2026-03-01T12:57:38.160+0000] {logging_mixin.py:190} WARNING - /home/***/.local/lib/python3.11/site-packages/sklearn/linear_model/_coordinate_descent.py:716 ConvergenceWarning: Objective did not converge. You might want to increase the number of iterations, check the scale of the features or consider increasing regularisation. Duality gap: 4.219e+12, tolerance: 5.058e+09
[2026-03-01T12:58:54.442+0000] {logging_mixin.py:190} WARNING - /home/***/.local/lib/python3.11/site-packages/sklearn/linear_model/_coordinate_descent.py:716 ConvergenceWarning: Objective did not converge. You might want to increase the number of iterations, check the scale of the features or consider increasing regularisation. Duality gap: 4.278e+12, tolerance: 5.090e+09
[2026-03-01T13:00:04.797+0000] {logging_mixin.py:190} WARNING - /home/***/.local/lib/python3.11/site-packages/sklearn/linear_model/_coordinate_descent.py:716 ConvergenceWarning: Objective did not converge. You might want to increase the number of iterations, check the scale of the features or consider increasing regularisation. Duality gap: 1.595e+12, tolerance: 4.951e+09
[2026-03-01T13:01:18.529+0000] {logging_mixin.py:190} WARNING - /home/***/.local/lib/python3.11/site-packages/sklearn/linear_model/_coordinate_descent.py:716 ConvergenceWarning: Objective did not converge. You might want to increase the number of iterations, check the scale of the features or consider increasing regularisation. Duality gap: 4.219e+12, tolerance: 5.058e+09
[2026-03-01T13:02:43.015+0000] {logging_mixin.py:190} WARNING - /home/***/.local/lib/python3.11/site-packages/sklearn/linear_model/_coordinate_descent.py:716 ConvergenceWarning: Objective did not converge. You might want to increase the number of iterations, check the scale of the features or consider increasing regularisation. Duality gap: 4.278e+12, tolerance: 5.090e+09
[2026-03-01T13:04:04.948+0000] {logging_mixin.py:190} WARNING - /home/***/.local/lib/python3.11/site-packages/sklearn/linear_model/_coordinate_descent.py:716 ConvergenceWarning: Objective did not converge. You might want to increase the number of iterations, check the scale of the features or consider increasing regularisation. Duality gap: 9.538e+11, tolerance: 4.951e+09
[2026-03-01T13:05:15.542+0000] {logging_mixin.py:190} WARNING - /home/***/.local/lib/python3.11/site-packages/sklearn/linear_model/_coordinate_descent.py:716 ConvergenceWarning: Objective did not converge. You might want to increase the number of iterations, check the scale of the features or consider increasing regularisation. Duality gap: 7.103e+12, tolerance: 5.058e+09
[2026-03-01T13:06:42.155+0000] {logging_mixin.py:190} WARNING - /home/***/.local/lib/python3.11/site-packages/sklearn/linear_model/_coordinate_descent.py:716 ConvergenceWarning: Objective did not converge. You might want to increase the number of iterations, check the scale of the features or consider increasing regularisation. Duality gap: 6.723e+12, tolerance: 5.090e+09
[2026-03-01T13:07:54.414+0000] {logging_mixin.py:190} WARNING - /home/***/.local/lib/python3.11/site-packages/sklearn/linear_model/_coordinate_descent.py:716 ConvergenceWarning: Objective did not converge. You might want to increase the number of iterations, check the scale of the features or consider increasing regularisation. Duality gap: 6.553e+12, tolerance: 4.951e+09
[2026-03-01T13:09:00.216+0000] {logging_mixin.py:190} WARNING - /home/***/.local/lib/python3.11/site-packages/sklearn/linear_model/_coordinate_descent.py:716 ConvergenceWarning: Objective did not converge. You might want to increase the number of iterations, check the scale of the features or consider increasing regularisation. Duality gap: 6.029e+12, tolerance: 5.058e+09
[2026-03-01T13:10:04.933+0000] {logging_mixin.py:190} WARNING - /home/***/.local/lib/python3.11/site-packages/sklearn/linear_model/_coordinate_descent.py:716 ConvergenceWarning: Objective did not converge. You might want to increase the number of iterations, check the scale of the features or consider increasing regularisation. Duality gap: 6.145e+12, tolerance: 5.090e+09
[2026-03-01T13:11:05.359+0000] {logging_mixin.py:190} WARNING - /home/***/.local/lib/python3.11/site-packages/sklearn/linear_model/_coordinate_descent.py:716 ConvergenceWarning: Objective did not converge. You might want to increase the number of iterations, check the scale of the features or consider increasing regularisation. Duality gap: 5.152e+12, tolerance: 4.951e+09
[2026-03-01T13:12:02.578+0000] {logging_mixin.py:190} WARNING - 2026-03-01 13:12:02 | WARNING | flight_fare.stage5 | run_with_retries_and_timeout | Operation 'tune_Lasso' timed out on attempt 3/3.
[2026-03-01T13:12:02.705+0000] {taskinstance.py:3313} ERROR - Task failed with exception
Traceback (most recent call last):
  File "/home/airflow/.local/lib/python3.11/site-packages/airflow/models/taskinstance.py", line 768, in _execute_task
    result = _execute_callable(context=context, **execute_callable_kwargs)
             ^^^^^^^^^^^^^^^^^^^^^^^^^^^^^^^^^^^^^^^^^^^^^^^^^^^^^^^^^^^^^
  File "/home/airflow/.local/lib/python3.11/site-packages/airflow/models/taskinstance.py", line 734, in _execute_callable
    return ExecutionCallableRunner(
           ^^^^^^^^^^^^^^^^^^^^^^^^
  File "/home/airflow/.local/lib/python3.11/site-packages/airflow/utils/operator_helpers.py", line 252, in run
    return self.func(*args, **kwargs)
           ^^^^^^^^^^^^^^^^^^^^^^^^^^
  File "/home/airflow/.local/lib/python3.11/site-packages/airflow/models/baseoperator.py", line 424, in wrapper
    return func(self, *args, **kwargs)
           ^^^^^^^^^^^^^^^^^^^^^^^^^^^
  File "/home/airflow/.local/lib/python3.11/site-packages/airflow/operators/python.py", line 238, in execute
    return_value = self.execute_callable()
                   ^^^^^^^^^^^^^^^^^^^^^^^
  File "/home/airflow/.local/lib/python3.11/site-packages/airflow/operators/python.py", line 256, in execute_callable
    return runner.run(*self.op_args, **self.op_kwargs)
           ^^^^^^^^^^^^^^^^^^^^^^^^^^^^^^^^^^^^^^^^^^^
  File "/home/airflow/.local/lib/python3.11/site-packages/airflow/utils/operator_helpers.py", line 252, in run
    return self.func(*args, **kwargs)
           ^^^^^^^^^^^^^^^^^^^^^^^^^^
  File "/opt/airflow/dags/flight_fare_stages_2_to_7_dag.py", line 65, in run_stage_5
    stage_5_runner(settings=Stage5Settings.from_env())
  File "/opt/airflow/src/flight_fare/stage5_advanced.py", line 583, in run_stage_5
    result = tune_estimator(
             ^^^^^^^^^^^^^^^
  File "/opt/airflow/src/flight_fare/stage5_advanced.py", line 234, in tune_estimator
    fitted_search = run_with_retries_and_timeout(
                    ^^^^^^^^^^^^^^^^^^^^^^^^^^^^^
  File "/opt/airflow/src/flight_fare/stage5_advanced.py", line 115, in run_with_retries_and_timeout
    raise last_error
flight_fare.stage5_advanced.Stage5TimeoutError: Operation 'tune_Lasso' timed out after 300.0 seconds.
[2026-03-01T13:12:03.187+0000] {taskinstance.py:1226} INFO - Marking task as UP_FOR_RETRY. dag_id=flight_fare_stages_2_to_7, task_id=stage_5_advanced_modeling, run_id=manual__2026-03-01T12:18:51.768282+00:00, execution_date=20260301T121851, start_date=20260301T122155, end_date=20260301T131203
[2026-03-01T13:12:03.404+0000] {taskinstance.py:341} INFO - ::group::Post task execution logs
[2026-03-01T13:12:03.418+0000] {standard_task_runner.py:124} ERROR - Failed to execute job 8 for task stage_5_advanced_modeling (Operation 'tune_Lasso' timed out after 300.0 seconds.; 512)
Traceback (most recent call last):
  File "/home/airflow/.local/lib/python3.11/site-packages/airflow/task/task_runner/standard_task_runner.py", line 117, in _start_by_fork
    ret = args.func(args, dag=self.dag)
          ^^^^^^^^^^^^^^^^^^^^^^^^^^^^^
  File "/home/airflow/.local/lib/python3.11/site-packages/airflow/cli/cli_config.py", line 49, in command
    return func(*args, **kwargs)
           ^^^^^^^^^^^^^^^^^^^^^
  File "/home/airflow/.local/lib/python3.11/site-packages/airflow/utils/cli.py", line 116, in wrapper
    return f(*args, **kwargs)
           ^^^^^^^^^^^^^^^^^^
  File "/home/airflow/.local/lib/python3.11/site-packages/airflow/cli/commands/task_command.py", line 483, in task_run
    task_return_code = _run_task_by_selected_method(args, _dag, ti)
                       ^^^^^^^^^^^^^^^^^^^^^^^^^^^^^^^^^^^^^^^^^^^^
  File "/home/airflow/.local/lib/python3.11/site-packages/airflow/cli/commands/task_command.py", line 256, in _run_task_by_selected_method
    return _run_raw_task(args, ti)
           ^^^^^^^^^^^^^^^^^^^^^^^
  File "/home/airflow/.local/lib/python3.11/site-packages/airflow/cli/commands/task_command.py", line 341, in _run_raw_task
    return ti._run_raw_task(
           ^^^^^^^^^^^^^^^^^
  File "/home/airflow/.local/lib/python3.11/site-packages/airflow/utils/session.py", line 97, in wrapper
    return func(*args, session=session, **kwargs)
           ^^^^^^^^^^^^^^^^^^^^^^^^^^^^^^^^^^^^^^
  File "/home/airflow/.local/lib/python3.11/site-packages/airflow/models/taskinstance.py", line 3006, in _run_raw_task
    return _run_raw_task(
           ^^^^^^^^^^^^^^
  File "/home/airflow/.local/lib/python3.11/site-packages/airflow/models/taskinstance.py", line 274, in _run_raw_task
    TaskInstance._execute_task_with_callbacks(
  File "/home/airflow/.local/lib/python3.11/site-packages/airflow/models/taskinstance.py", line 3161, in _execute_task_with_callbacks
    result = self._execute_task(context, task_orig)
             ^^^^^^^^^^^^^^^^^^^^^^^^^^^^^^^^^^^^^^
  File "/home/airflow/.local/lib/python3.11/site-packages/airflow/models/taskinstance.py", line 3185, in _execute_task
    return _execute_task(self, context, task_orig)
           ^^^^^^^^^^^^^^^^^^^^^^^^^^^^^^^^^^^^^^^
  File "/home/airflow/.local/lib/python3.11/site-packages/airflow/models/taskinstance.py", line 768, in _execute_task
    result = _execute_callable(context=context, **execute_callable_kwargs)
             ^^^^^^^^^^^^^^^^^^^^^^^^^^^^^^^^^^^^^^^^^^^^^^^^^^^^^^^^^^^^^
  File "/home/airflow/.local/lib/python3.11/site-packages/airflow/models/taskinstance.py", line 734, in _execute_callable
    return ExecutionCallableRunner(
           ^^^^^^^^^^^^^^^^^^^^^^^^
  File "/home/airflow/.local/lib/python3.11/site-packages/airflow/utils/operator_helpers.py", line 252, in run
    return self.func(*args, **kwargs)
           ^^^^^^^^^^^^^^^^^^^^^^^^^^
  File "/home/airflow/.local/lib/python3.11/site-packages/airflow/models/baseoperator.py", line 424, in wrapper
    return func(self, *args, **kwargs)
           ^^^^^^^^^^^^^^^^^^^^^^^^^^^
  File "/home/airflow/.local/lib/python3.11/site-packages/airflow/operators/python.py", line 238, in execute
    return_value = self.execute_callable()
                   ^^^^^^^^^^^^^^^^^^^^^^^
  File "/home/airflow/.local/lib/python3.11/site-packages/airflow/operators/python.py", line 256, in execute_callable
    return runner.run(*self.op_args, **self.op_kwargs)
           ^^^^^^^^^^^^^^^^^^^^^^^^^^^^^^^^^^^^^^^^^^^
  File "/home/airflow/.local/lib/python3.11/site-packages/airflow/utils/operator_helpers.py", line 252, in run
    return self.func(*args, **kwargs)
           ^^^^^^^^^^^^^^^^^^^^^^^^^^
  File "/opt/airflow/dags/flight_fare_stages_2_to_7_dag.py", line 65, in run_stage_5
    stage_5_runner(settings=Stage5Settings.from_env())
  File "/opt/airflow/src/flight_fare/stage5_advanced.py", line 583, in run_stage_5
    result = tune_estimator(
             ^^^^^^^^^^^^^^^
  File "/opt/airflow/src/flight_fare/stage5_advanced.py", line 234, in tune_estimator
    fitted_search = run_with_retries_and_timeout(
                    ^^^^^^^^^^^^^^^^^^^^^^^^^^^^^
  File "/opt/airflow/src/flight_fare/stage5_advanced.py", line 115, in run_with_retries_and_timeout
    raise last_error
flight_fare.stage5_advanced.Stage5TimeoutError: Operation 'tune_Lasso' timed out after 300.0 seconds.
[2026-03-01T13:12:03.612+0000] {local_task_job_runner.py:266} INFO - Task exited with return code 1
[2026-03-01T13:12:03.871+0000] {taskinstance.py:3901} INFO - 0 downstream tasks scheduled from follow-on schedule check
[2026-03-01T13:12:03.878+0000] {local_task_job_runner.py:245} INFO - ::endgroup::
