[2026-03-01T13:14:07.154+0000] {local_task_job_runner.py:123} INFO - ::group::Pre task execution logs
[2026-03-01T13:14:07.179+0000] {taskinstance.py:2614} INFO - Dependencies all met for dep_context=non-requeueable deps ti=<TaskInstance: flight_fare_stages_2_to_7.stage_5_advanced_modeling manual__2026-03-01T12:18:51.768282+00:00 [queued]>
[2026-03-01T13:14:07.190+0000] {taskinstance.py:2614} INFO - Dependencies all met for dep_context=requeueable deps ti=<TaskInstance: flight_fare_stages_2_to_7.stage_5_advanced_modeling manual__2026-03-01T12:18:51.768282+00:00 [queued]>
[2026-03-01T13:14:07.192+0000] {taskinstance.py:2867} INFO - Starting attempt 2 of 2
[2026-03-01T13:14:07.206+0000] {taskinstance.py:2890} INFO - Executing <Task(PythonOperator): stage_5_advanced_modeling> on 2026-03-01 12:18:51.768282+00:00
[2026-03-01T13:14:07.221+0000] {standard_task_runner.py:72} INFO - Started process 1681 to run task
[2026-03-01T13:14:07.226+0000] {standard_task_runner.py:104} INFO - Running: ['***', 'tasks', 'run', 'flight_fare_stages_2_to_7', 'stage_5_advanced_modeling', 'manual__2026-03-01T12:18:51.768282+00:00', '--job-id', '9', '--raw', '--subdir', 'DAGS_FOLDER/flight_fare_stages_2_to_7_dag.py', '--cfg-path', '/tmp/tmp7z9oz8g9']
[2026-03-01T13:14:07.231+0000] {standard_task_runner.py:105} INFO - Job 9: Subtask stage_5_advanced_modeling
[2026-03-01T13:14:07.319+0000] {task_command.py:467} INFO - Running <TaskInstance: flight_fare_stages_2_to_7.stage_5_advanced_modeling manual__2026-03-01T12:18:51.768282+00:00 [running]> on host ad5cf56276c4
[2026-03-01T13:14:07.688+0000] {taskinstance.py:3134} INFO - Exporting env vars: AIRFLOW_CTX_DAG_EMAIL='cenartech0@gmail.com' AIRFLOW_CTX_DAG_OWNER='***' AIRFLOW_CTX_DAG_ID='flight_fare_stages_2_to_7' AIRFLOW_CTX_TASK_ID='stage_5_advanced_modeling' AIRFLOW_CTX_EXECUTION_DATE='2026-03-01T12:18:51.768282+00:00' AIRFLOW_CTX_TRY_NUMBER='2' AIRFLOW_CTX_DAG_RUN_ID='manual__2026-03-01T12:18:51.768282+00:00'
[2026-03-01T13:14:07.691+0000] {taskinstance.py:732} INFO - ::endgroup::
[2026-03-01T13:14:07.757+0000] {logging_mixin.py:190} WARNING - 2026-03-01 13:14:07 | INFO | flight_fare.stage5 | run_stage_5 | Starting Stage 5 advanced modeling pipeline.
[2026-03-01T13:14:09.925+0000] {logging_mixin.py:190} WARNING - 2026-03-01 13:14:09 | INFO | flight_fare.stage5 | run_stage_5 | Tuning sample rows: 11400 of 45600
[2026-03-01T13:14:09.928+0000] {logging_mixin.py:190} WARNING - 2026-03-01 13:14:09 | INFO | flight_fare.stage5 | run_stage_5 | Tuning model: Ridge
[2026-03-01T13:14:09.938+0000] {logging_mixin.py:190} WARNING - /home/***/.local/lib/python3.11/site-packages/joblib/parallel.py:1379 UserWarning: Loky-backed parallel loops cannot be called in a multiprocessing, setting n_jobs=1
[2026-03-01T13:14:11.139+0000] {logging_mixin.py:190} WARNING - 2026-03-01 13:14:11 | INFO | flight_fare.stage5 | run_stage_5 | Completed Ridge: CV RMSE=53256.274, Test RMSE=53536.722
[2026-03-01T13:14:11.146+0000] {logging_mixin.py:190} WARNING - 2026-03-01 13:14:11 | INFO | flight_fare.stage5 | run_stage_5 | Tuning model: Lasso
[2026-03-01T13:14:11.151+0000] {logging_mixin.py:190} WARNING - /home/***/.local/lib/python3.11/site-packages/joblib/parallel.py:1379 UserWarning: Loky-backed parallel loops cannot be called in a multiprocessing, setting n_jobs=1
[2026-03-01T13:15:57.230+0000] {logging_mixin.py:190} WARNING - /home/***/.local/lib/python3.11/site-packages/sklearn/linear_model/_coordinate_descent.py:716 ConvergenceWarning: Objective did not converge. You might want to increase the number of iterations, check the scale of the features or consider increasing regularisation. Duality gap: 4.219e+12, tolerance: 5.058e+09
[2026-03-01T13:17:58.545+0000] {logging_mixin.py:190} WARNING - /home/***/.local/lib/python3.11/site-packages/sklearn/linear_model/_coordinate_descent.py:716 ConvergenceWarning: Objective did not converge. You might want to increase the number of iterations, check the scale of the features or consider increasing regularisation. Duality gap: 4.278e+12, tolerance: 5.090e+09
[2026-03-01T13:19:07.480+0000] {logging_mixin.py:190} WARNING - /home/***/.local/lib/python3.11/site-packages/sklearn/linear_model/_coordinate_descent.py:716 ConvergenceWarning: Objective did not converge. You might want to increase the number of iterations, check the scale of the features or consider increasing regularisation. Duality gap: 1.595e+12, tolerance: 4.951e+09
[2026-03-01T13:20:23.324+0000] {logging_mixin.py:190} WARNING - /home/***/.local/lib/python3.11/site-packages/sklearn/linear_model/_coordinate_descent.py:716 ConvergenceWarning: Objective did not converge. You might want to increase the number of iterations, check the scale of the features or consider increasing regularisation. Duality gap: 4.219e+12, tolerance: 5.058e+09
[2026-03-01T13:21:26.069+0000] {logging_mixin.py:190} WARNING - /home/***/.local/lib/python3.11/site-packages/sklearn/linear_model/_coordinate_descent.py:716 ConvergenceWarning: Objective did not converge. You might want to increase the number of iterations, check the scale of the features or consider increasing regularisation. Duality gap: 4.278e+12, tolerance: 5.090e+09
[2026-03-01T13:22:34.751+0000] {logging_mixin.py:190} WARNING - /home/***/.local/lib/python3.11/site-packages/sklearn/linear_model/_coordinate_descent.py:716 ConvergenceWarning: Objective did not converge. You might want to increase the number of iterations, check the scale of the features or consider increasing regularisation. Duality gap: 9.538e+11, tolerance: 4.951e+09
[2026-03-01T13:23:46.048+0000] {logging_mixin.py:190} WARNING - /home/***/.local/lib/python3.11/site-packages/sklearn/linear_model/_coordinate_descent.py:716 ConvergenceWarning: Objective did not converge. You might want to increase the number of iterations, check the scale of the features or consider increasing regularisation. Duality gap: 7.103e+12, tolerance: 5.058e+09
[2026-03-01T13:25:18.449+0000] {logging_mixin.py:190} WARNING - /home/***/.local/lib/python3.11/site-packages/sklearn/linear_model/_coordinate_descent.py:716 ConvergenceWarning: Objective did not converge. You might want to increase the number of iterations, check the scale of the features or consider increasing regularisation. Duality gap: 6.723e+12, tolerance: 5.090e+09
[2026-03-01T13:26:47.115+0000] {logging_mixin.py:190} WARNING - /home/***/.local/lib/python3.11/site-packages/sklearn/linear_model/_coordinate_descent.py:716 ConvergenceWarning: Objective did not converge. You might want to increase the number of iterations, check the scale of the features or consider increasing regularisation. Duality gap: 6.553e+12, tolerance: 4.951e+09
[2026-03-01T13:27:57.424+0000] {logging_mixin.py:190} WARNING - /home/***/.local/lib/python3.11/site-packages/sklearn/linear_model/_coordinate_descent.py:716 ConvergenceWarning: Objective did not converge. You might want to increase the number of iterations, check the scale of the features or consider increasing regularisation. Duality gap: 6.029e+12, tolerance: 5.058e+09
[2026-03-01T13:29:22.129+0000] {logging_mixin.py:190} WARNING - /home/***/.local/lib/python3.11/site-packages/sklearn/linear_model/_coordinate_descent.py:716 ConvergenceWarning: Objective did not converge. You might want to increase the number of iterations, check the scale of the features or consider increasing regularisation. Duality gap: 6.145e+12, tolerance: 5.090e+09
[2026-03-01T13:30:35.786+0000] {logging_mixin.py:190} WARNING - /home/***/.local/lib/python3.11/site-packages/sklearn/linear_model/_coordinate_descent.py:716 ConvergenceWarning: Objective did not converge. You might want to increase the number of iterations, check the scale of the features or consider increasing regularisation. Duality gap: 5.152e+12, tolerance: 4.951e+09
[2026-03-01T13:31:51.989+0000] {logging_mixin.py:190} WARNING - 2026-03-01 13:31:51 | WARNING | flight_fare.stage5 | run_with_retries_and_timeout | Operation 'tune_Lasso' timed out on attempt 1/3.
[2026-03-01T13:31:53.607+0000] {logging_mixin.py:190} WARNING - /home/***/.local/lib/python3.11/site-packages/joblib/parallel.py:1379 UserWarning: Loky-backed parallel loops cannot be called in a multiprocessing, setting n_jobs=1
[2026-03-01T13:33:06.279+0000] {logging_mixin.py:190} WARNING - /home/***/.local/lib/python3.11/site-packages/sklearn/linear_model/_coordinate_descent.py:716 ConvergenceWarning: Objective did not converge. You might want to increase the number of iterations, check the scale of the features or consider increasing regularisation. Duality gap: 4.219e+12, tolerance: 5.058e+09
[2026-03-01T13:34:22.855+0000] {logging_mixin.py:190} WARNING - /home/***/.local/lib/python3.11/site-packages/sklearn/linear_model/_coordinate_descent.py:716 ConvergenceWarning: Objective did not converge. You might want to increase the number of iterations, check the scale of the features or consider increasing regularisation. Duality gap: 4.278e+12, tolerance: 5.090e+09
[2026-03-01T13:35:27.980+0000] {logging_mixin.py:190} WARNING - /home/***/.local/lib/python3.11/site-packages/sklearn/linear_model/_coordinate_descent.py:716 ConvergenceWarning: Objective did not converge. You might want to increase the number of iterations, check the scale of the features or consider increasing regularisation. Duality gap: 1.595e+12, tolerance: 4.951e+09
[2026-03-01T13:36:44.327+0000] {logging_mixin.py:190} WARNING - /home/***/.local/lib/python3.11/site-packages/sklearn/linear_model/_coordinate_descent.py:716 ConvergenceWarning: Objective did not converge. You might want to increase the number of iterations, check the scale of the features or consider increasing regularisation. Duality gap: 4.219e+12, tolerance: 5.058e+09
[2026-03-01T13:37:49.845+0000] {logging_mixin.py:190} WARNING - /home/***/.local/lib/python3.11/site-packages/sklearn/linear_model/_coordinate_descent.py:716 ConvergenceWarning: Objective did not converge. You might want to increase the number of iterations, check the scale of the features or consider increasing regularisation. Duality gap: 4.278e+12, tolerance: 5.090e+09
[2026-03-01T13:39:00.635+0000] {logging_mixin.py:190} WARNING - /home/***/.local/lib/python3.11/site-packages/sklearn/linear_model/_coordinate_descent.py:716 ConvergenceWarning: Objective did not converge. You might want to increase the number of iterations, check the scale of the features or consider increasing regularisation. Duality gap: 9.538e+11, tolerance: 4.951e+09
[2026-03-01T13:40:51.551+0000] {job.py:229} INFO - Heartbeat recovered after 60.38 seconds
[2026-03-01T13:41:29.516+0000] {logging_mixin.py:190} WARNING - /home/***/.local/lib/python3.11/site-packages/sklearn/linear_model/_coordinate_descent.py:716 ConvergenceWarning: Objective did not converge. You might want to increase the number of iterations, check the scale of the features or consider increasing regularisation. Duality gap: 7.103e+12, tolerance: 5.058e+09
[2026-03-01T13:42:43.630+0000] {logging_mixin.py:190} WARNING - /home/***/.local/lib/python3.11/site-packages/sklearn/linear_model/_coordinate_descent.py:716 ConvergenceWarning: Objective did not converge. You might want to increase the number of iterations, check the scale of the features or consider increasing regularisation. Duality gap: 6.723e+12, tolerance: 5.090e+09
[2026-03-01T13:43:55.537+0000] {logging_mixin.py:190} WARNING - /home/***/.local/lib/python3.11/site-packages/sklearn/linear_model/_coordinate_descent.py:716 ConvergenceWarning: Objective did not converge. You might want to increase the number of iterations, check the scale of the features or consider increasing regularisation. Duality gap: 6.553e+12, tolerance: 4.951e+09
[2026-03-01T13:45:08.808+0000] {logging_mixin.py:190} WARNING - /home/***/.local/lib/python3.11/site-packages/sklearn/linear_model/_coordinate_descent.py:716 ConvergenceWarning: Objective did not converge. You might want to increase the number of iterations, check the scale of the features or consider increasing regularisation. Duality gap: 6.029e+12, tolerance: 5.058e+09
[2026-03-01T13:46:19.582+0000] {logging_mixin.py:190} WARNING - /home/***/.local/lib/python3.11/site-packages/sklearn/linear_model/_coordinate_descent.py:716 ConvergenceWarning: Objective did not converge. You might want to increase the number of iterations, check the scale of the features or consider increasing regularisation. Duality gap: 6.145e+12, tolerance: 5.090e+09
[2026-03-01T13:47:25.526+0000] {logging_mixin.py:190} WARNING - /home/***/.local/lib/python3.11/site-packages/sklearn/linear_model/_coordinate_descent.py:716 ConvergenceWarning: Objective did not converge. You might want to increase the number of iterations, check the scale of the features or consider increasing regularisation. Duality gap: 5.152e+12, tolerance: 4.951e+09
[2026-03-01T13:48:33.839+0000] {logging_mixin.py:190} WARNING - 2026-03-01 13:48:33 | WARNING | flight_fare.stage5 | run_with_retries_and_timeout | Operation 'tune_Lasso' timed out on attempt 2/3.
[2026-03-01T13:48:35.366+0000] {logging_mixin.py:190} WARNING - /home/***/.local/lib/python3.11/site-packages/joblib/parallel.py:1379 UserWarning: Loky-backed parallel loops cannot be called in a multiprocessing, setting n_jobs=1
[2026-03-01T13:49:30.001+0000] {logging_mixin.py:190} WARNING - /home/***/.local/lib/python3.11/site-packages/sklearn/linear_model/_coordinate_descent.py:716 ConvergenceWarning: Objective did not converge. You might want to increase the number of iterations, check the scale of the features or consider increasing regularisation. Duality gap: 4.219e+12, tolerance: 5.058e+09
[2026-03-01T13:54:26.772+0000] {job.py:229} INFO - Heartbeat recovered after 215.92 seconds
[2026-03-01T13:54:37.605+0000] {logging_mixin.py:190} WARNING - /home/***/.local/lib/python3.11/site-packages/sklearn/linear_model/_coordinate_descent.py:716 ConvergenceWarning: Objective did not converge. You might want to increase the number of iterations, check the scale of the features or consider increasing regularisation. Duality gap: 4.278e+12, tolerance: 5.090e+09
[2026-03-01T13:55:54.179+0000] {logging_mixin.py:190} WARNING - /home/***/.local/lib/python3.11/site-packages/sklearn/linear_model/_coordinate_descent.py:716 ConvergenceWarning: Objective did not converge. You might want to increase the number of iterations, check the scale of the features or consider increasing regularisation. Duality gap: 1.595e+12, tolerance: 4.951e+09
[2026-03-01T13:56:59.754+0000] {logging_mixin.py:190} WARNING - /home/***/.local/lib/python3.11/site-packages/sklearn/linear_model/_coordinate_descent.py:716 ConvergenceWarning: Objective did not converge. You might want to increase the number of iterations, check the scale of the features or consider increasing regularisation. Duality gap: 4.219e+12, tolerance: 5.058e+09
[2026-03-01T13:58:01.292+0000] {logging_mixin.py:190} WARNING - /home/***/.local/lib/python3.11/site-packages/sklearn/linear_model/_coordinate_descent.py:716 ConvergenceWarning: Objective did not converge. You might want to increase the number of iterations, check the scale of the features or consider increasing regularisation. Duality gap: 4.278e+12, tolerance: 5.090e+09
[2026-03-01T13:59:14.839+0000] {logging_mixin.py:190} WARNING - /home/***/.local/lib/python3.11/site-packages/sklearn/linear_model/_coordinate_descent.py:716 ConvergenceWarning: Objective did not converge. You might want to increase the number of iterations, check the scale of the features or consider increasing regularisation. Duality gap: 9.538e+11, tolerance: 4.951e+09
[2026-03-01T14:00:34.202+0000] {logging_mixin.py:190} WARNING - /home/***/.local/lib/python3.11/site-packages/sklearn/linear_model/_coordinate_descent.py:716 ConvergenceWarning: Objective did not converge. You might want to increase the number of iterations, check the scale of the features or consider increasing regularisation. Duality gap: 7.103e+12, tolerance: 5.058e+09
[2026-03-01T14:01:45.657+0000] {logging_mixin.py:190} WARNING - /home/***/.local/lib/python3.11/site-packages/sklearn/linear_model/_coordinate_descent.py:716 ConvergenceWarning: Objective did not converge. You might want to increase the number of iterations, check the scale of the features or consider increasing regularisation. Duality gap: 6.723e+12, tolerance: 5.090e+09
[2026-03-01T14:02:49.665+0000] {logging_mixin.py:190} WARNING - /home/***/.local/lib/python3.11/site-packages/sklearn/linear_model/_coordinate_descent.py:716 ConvergenceWarning: Objective did not converge. You might want to increase the number of iterations, check the scale of the features or consider increasing regularisation. Duality gap: 6.553e+12, tolerance: 4.951e+09
[2026-03-01T14:03:54.253+0000] {logging_mixin.py:190} WARNING - /home/***/.local/lib/python3.11/site-packages/sklearn/linear_model/_coordinate_descent.py:716 ConvergenceWarning: Objective did not converge. You might want to increase the number of iterations, check the scale of the features or consider increasing regularisation. Duality gap: 6.029e+12, tolerance: 5.058e+09
[2026-03-01T14:05:04.334+0000] {logging_mixin.py:190} WARNING - /home/***/.local/lib/python3.11/site-packages/sklearn/linear_model/_coordinate_descent.py:716 ConvergenceWarning: Objective did not converge. You might want to increase the number of iterations, check the scale of the features or consider increasing regularisation. Duality gap: 6.145e+12, tolerance: 5.090e+09
[2026-03-01T14:06:21.275+0000] {logging_mixin.py:190} WARNING - /home/***/.local/lib/python3.11/site-packages/sklearn/linear_model/_coordinate_descent.py:716 ConvergenceWarning: Objective did not converge. You might want to increase the number of iterations, check the scale of the features or consider increasing regularisation. Duality gap: 5.152e+12, tolerance: 4.951e+09
[2026-03-01T14:09:18.777+0000] {logging_mixin.py:190} WARNING - 2026-03-01 14:09:18 | WARNING | flight_fare.stage5 | run_with_retries_and_timeout | Operation 'tune_Lasso' timed out on attempt 3/3.
[2026-03-01T14:09:18.922+0000] {taskinstance.py:3313} ERROR - Task failed with exception
Traceback (most recent call last):
  File "/home/airflow/.local/lib/python3.11/site-packages/airflow/models/taskinstance.py", line 768, in _execute_task
    result = _execute_callable(context=context, **execute_callable_kwargs)
             ^^^^^^^^^^^^^^^^^^^^^^^^^^^^^^^^^^^^^^^^^^^^^^^^^^^^^^^^^^^^^
  File "/home/airflow/.local/lib/python3.11/site-packages/airflow/models/taskinstance.py", line 734, in _execute_callable
    return ExecutionCallableRunner(
           ^^^^^^^^^^^^^^^^^^^^^^^^
  File "/home/airflow/.local/lib/python3.11/site-packages/airflow/utils/operator_helpers.py", line 252, in run
    return self.func(*args, **kwargs)
           ^^^^^^^^^^^^^^^^^^^^^^^^^^
  File "/home/airflow/.local/lib/python3.11/site-packages/airflow/models/baseoperator.py", line 424, in wrapper
    return func(self, *args, **kwargs)
           ^^^^^^^^^^^^^^^^^^^^^^^^^^^
  File "/home/airflow/.local/lib/python3.11/site-packages/airflow/operators/python.py", line 238, in execute
    return_value = self.execute_callable()
                   ^^^^^^^^^^^^^^^^^^^^^^^
  File "/home/airflow/.local/lib/python3.11/site-packages/airflow/operators/python.py", line 256, in execute_callable
    return runner.run(*self.op_args, **self.op_kwargs)
           ^^^^^^^^^^^^^^^^^^^^^^^^^^^^^^^^^^^^^^^^^^^
  File "/home/airflow/.local/lib/python3.11/site-packages/airflow/utils/operator_helpers.py", line 252, in run
    return self.func(*args, **kwargs)
           ^^^^^^^^^^^^^^^^^^^^^^^^^^
  File "/opt/airflow/dags/flight_fare_stages_2_to_7_dag.py", line 65, in run_stage_5
    stage_5_runner(settings=Stage5Settings.from_env())
  File "/opt/airflow/src/flight_fare/stage5_advanced.py", line 583, in run_stage_5
    result = tune_estimator(
             ^^^^^^^^^^^^^^^
  File "/opt/airflow/src/flight_fare/stage5_advanced.py", line 234, in tune_estimator
    fitted_search = run_with_retries_and_timeout(
                    ^^^^^^^^^^^^^^^^^^^^^^^^^^^^^
  File "/opt/airflow/src/flight_fare/stage5_advanced.py", line 115, in run_with_retries_and_timeout
    raise last_error
flight_fare.stage5_advanced.Stage5TimeoutError: Operation 'tune_Lasso' timed out after 300.0 seconds.
[2026-03-01T14:09:19.219+0000] {taskinstance.py:1226} INFO - Marking task as FAILED. dag_id=flight_fare_stages_2_to_7, task_id=stage_5_advanced_modeling, run_id=manual__2026-03-01T12:18:51.768282+00:00, execution_date=20260301T121851, start_date=20260301T131407, end_date=20260301T140919
[2026-03-01T14:09:19.434+0000] {logging_mixin.py:190} WARNING - /home/***/.local/lib/python3.11/site-packages/***/utils/email.py:155 RemovedInAirflow3Warning: Fetching SMTP credentials from configuration variables will be deprecated in a future release. Please set credentials using a connection instead.
[2026-03-01T14:09:19.439+0000] {configuration.py:1074} WARNING - section/key [smtp/smtp_user] not found in config
[2026-03-01T14:09:19.441+0000] {email.py:272} INFO - Email alerting: attempt 1
[2026-03-01T14:09:19.498+0000] {configuration.py:1074} WARNING - section/key [smtp/smtp_user] not found in config
[2026-03-01T14:09:19.501+0000] {email.py:272} INFO - Email alerting: attempt 1
[2026-03-01T14:09:19.506+0000] {taskinstance.py:1235} ERROR - Failed to send email to: ['cenartech0@gmail.com']
Traceback (most recent call last):
  File "/home/airflow/.local/lib/python3.11/site-packages/airflow/models/taskinstance.py", line 274, in _run_raw_task
    TaskInstance._execute_task_with_callbacks(
  File "/home/airflow/.local/lib/python3.11/site-packages/airflow/models/taskinstance.py", line 3161, in _execute_task_with_callbacks
    result = self._execute_task(context, task_orig)
             ^^^^^^^^^^^^^^^^^^^^^^^^^^^^^^^^^^^^^^
  File "/home/airflow/.local/lib/python3.11/site-packages/airflow/models/taskinstance.py", line 3185, in _execute_task
    return _execute_task(self, context, task_orig)
           ^^^^^^^^^^^^^^^^^^^^^^^^^^^^^^^^^^^^^^^
  File "/home/airflow/.local/lib/python3.11/site-packages/airflow/models/taskinstance.py", line 768, in _execute_task
    result = _execute_callable(context=context, **execute_callable_kwargs)
             ^^^^^^^^^^^^^^^^^^^^^^^^^^^^^^^^^^^^^^^^^^^^^^^^^^^^^^^^^^^^^
  File "/home/airflow/.local/lib/python3.11/site-packages/airflow/models/taskinstance.py", line 734, in _execute_callable
    return ExecutionCallableRunner(
           ^^^^^^^^^^^^^^^^^^^^^^^^
  File "/home/airflow/.local/lib/python3.11/site-packages/airflow/utils/operator_helpers.py", line 252, in run
    return self.func(*args, **kwargs)
           ^^^^^^^^^^^^^^^^^^^^^^^^^^
  File "/home/airflow/.local/lib/python3.11/site-packages/airflow/models/baseoperator.py", line 424, in wrapper
    return func(self, *args, **kwargs)
           ^^^^^^^^^^^^^^^^^^^^^^^^^^^
  File "/home/airflow/.local/lib/python3.11/site-packages/airflow/operators/python.py", line 238, in execute
    return_value = self.execute_callable()
                   ^^^^^^^^^^^^^^^^^^^^^^^
  File "/home/airflow/.local/lib/python3.11/site-packages/airflow/operators/python.py", line 256, in execute_callable
    return runner.run(*self.op_args, **self.op_kwargs)
           ^^^^^^^^^^^^^^^^^^^^^^^^^^^^^^^^^^^^^^^^^^^
  File "/home/airflow/.local/lib/python3.11/site-packages/airflow/utils/operator_helpers.py", line 252, in run
    return self.func(*args, **kwargs)
           ^^^^^^^^^^^^^^^^^^^^^^^^^^
  File "/opt/airflow/dags/flight_fare_stages_2_to_7_dag.py", line 65, in run_stage_5
    stage_5_runner(settings=Stage5Settings.from_env())
  File "/opt/airflow/src/flight_fare/stage5_advanced.py", line 583, in run_stage_5
    result = tune_estimator(
             ^^^^^^^^^^^^^^^
  File "/opt/airflow/src/flight_fare/stage5_advanced.py", line 234, in tune_estimator
    fitted_search = run_with_retries_and_timeout(
                    ^^^^^^^^^^^^^^^^^^^^^^^^^^^^^
  File "/opt/airflow/src/flight_fare/stage5_advanced.py", line 115, in run_with_retries_and_timeout
    raise last_error
flight_fare.stage5_advanced.Stage5TimeoutError: Operation 'tune_Lasso' timed out after 300.0 seconds.

During handling of the above exception, another exception occurred:

Traceback (most recent call last):
  File "/home/airflow/.local/lib/python3.11/site-packages/airflow/models/taskinstance.py", line 1443, in _email_alert
    send_email(task.email, subject, html_content)
  File "/home/airflow/.local/lib/python3.11/site-packages/airflow/utils/email.py", line 80, in send_email
    return backend(
           ^^^^^^^^
  File "/home/airflow/.local/lib/python3.11/site-packages/airflow/utils/email.py", line 155, in send_email_smtp
    send_mime_email(e_from=mail_from, e_to=recipients, mime_msg=msg, conn_id=conn_id, dryrun=dryrun)
  File "/home/airflow/.local/lib/python3.11/site-packages/airflow/utils/email.py", line 274, in send_mime_email
    smtp_conn = _get_smtp_connection(smtp_host, smtp_port, smtp_timeout, smtp_ssl)
                ^^^^^^^^^^^^^^^^^^^^^^^^^^^^^^^^^^^^^^^^^^^^^^^^^^^^^^^^^^^^^^^^^^
  File "/home/airflow/.local/lib/python3.11/site-packages/airflow/utils/email.py", line 318, in _get_smtp_connection
    return smtplib.SMTP(host=host, port=port, timeout=timeout)
           ^^^^^^^^^^^^^^^^^^^^^^^^^^^^^^^^^^^^^^^^^^^^^^^^^^^
  File "/usr/local/lib/python3.11/smtplib.py", line 255, in __init__
    (code, msg) = self.connect(host, port)
                  ^^^^^^^^^^^^^^^^^^^^^^^^
  File "/usr/local/lib/python3.11/smtplib.py", line 341, in connect
    self.sock = self._get_socket(host, port, self.timeout)
                ^^^^^^^^^^^^^^^^^^^^^^^^^^^^^^^^^^^^^^^^^^
  File "/usr/local/lib/python3.11/smtplib.py", line 312, in _get_socket
    return socket.create_connection((host, port), timeout,
           ^^^^^^^^^^^^^^^^^^^^^^^^^^^^^^^^^^^^^^^^^^^^^^^
  File "/usr/local/lib/python3.11/socket.py", line 863, in create_connection
    raise exceptions[0]
  File "/usr/local/lib/python3.11/socket.py", line 848, in create_connection
    sock.connect(sa)
ConnectionRefusedError: [Errno 111] Connection refused

During handling of the above exception, another exception occurred:

Traceback (most recent call last):
  File "/home/airflow/.local/lib/python3.11/site-packages/airflow/models/taskinstance.py", line 1233, in _handle_failure
    task_instance.email_alert(error, failure_context["task"])
  File "/home/airflow/.local/lib/python3.11/site-packages/airflow/models/taskinstance.py", line 3611, in email_alert
    _email_alert(task_instance=self, exception=exception, task=task)
  File "/home/airflow/.local/lib/python3.11/site-packages/airflow/models/taskinstance.py", line 1445, in _email_alert
    send_email(task.email, subject, html_content_err)
  File "/home/airflow/.local/lib/python3.11/site-packages/airflow/utils/email.py", line 80, in send_email
    return backend(
           ^^^^^^^^
  File "/home/airflow/.local/lib/python3.11/site-packages/airflow/utils/email.py", line 155, in send_email_smtp
    send_mime_email(e_from=mail_from, e_to=recipients, mime_msg=msg, conn_id=conn_id, dryrun=dryrun)
  File "/home/airflow/.local/lib/python3.11/site-packages/airflow/utils/email.py", line 274, in send_mime_email
    smtp_conn = _get_smtp_connection(smtp_host, smtp_port, smtp_timeout, smtp_ssl)
                ^^^^^^^^^^^^^^^^^^^^^^^^^^^^^^^^^^^^^^^^^^^^^^^^^^^^^^^^^^^^^^^^^^
  File "/home/airflow/.local/lib/python3.11/site-packages/airflow/utils/email.py", line 318, in _get_smtp_connection
    return smtplib.SMTP(host=host, port=port, timeout=timeout)
           ^^^^^^^^^^^^^^^^^^^^^^^^^^^^^^^^^^^^^^^^^^^^^^^^^^^
  File "/usr/local/lib/python3.11/smtplib.py", line 255, in __init__
    (code, msg) = self.connect(host, port)
                  ^^^^^^^^^^^^^^^^^^^^^^^^
  File "/usr/local/lib/python3.11/smtplib.py", line 341, in connect
    self.sock = self._get_socket(host, port, self.timeout)
                ^^^^^^^^^^^^^^^^^^^^^^^^^^^^^^^^^^^^^^^^^^
  File "/usr/local/lib/python3.11/smtplib.py", line 312, in _get_socket
    return socket.create_connection((host, port), timeout,
           ^^^^^^^^^^^^^^^^^^^^^^^^^^^^^^^^^^^^^^^^^^^^^^^
  File "/usr/local/lib/python3.11/socket.py", line 863, in create_connection
    raise exceptions[0]
  File "/usr/local/lib/python3.11/socket.py", line 848, in create_connection
    sock.connect(sa)
ConnectionRefusedError: [Errno 111] Connection refused
[2026-03-01T14:09:19.705+0000] {taskinstance.py:341} INFO - ::group::Post task execution logs
[2026-03-01T14:09:19.712+0000] {standard_task_runner.py:124} ERROR - Failed to execute job 9 for task stage_5_advanced_modeling (Operation 'tune_Lasso' timed out after 300.0 seconds.; 1681)
Traceback (most recent call last):
  File "/home/airflow/.local/lib/python3.11/site-packages/airflow/task/task_runner/standard_task_runner.py", line 117, in _start_by_fork
    ret = args.func(args, dag=self.dag)
          ^^^^^^^^^^^^^^^^^^^^^^^^^^^^^
  File "/home/airflow/.local/lib/python3.11/site-packages/airflow/cli/cli_config.py", line 49, in command
    return func(*args, **kwargs)
           ^^^^^^^^^^^^^^^^^^^^^
  File "/home/airflow/.local/lib/python3.11/site-packages/airflow/utils/cli.py", line 116, in wrapper
    return f(*args, **kwargs)
           ^^^^^^^^^^^^^^^^^^
  File "/home/airflow/.local/lib/python3.11/site-packages/airflow/cli/commands/task_command.py", line 483, in task_run
    task_return_code = _run_task_by_selected_method(args, _dag, ti)
                       ^^^^^^^^^^^^^^^^^^^^^^^^^^^^^^^^^^^^^^^^^^^^
  File "/home/airflow/.local/lib/python3.11/site-packages/airflow/cli/commands/task_command.py", line 256, in _run_task_by_selected_method
    return _run_raw_task(args, ti)
           ^^^^^^^^^^^^^^^^^^^^^^^
  File "/home/airflow/.local/lib/python3.11/site-packages/airflow/cli/commands/task_command.py", line 341, in _run_raw_task
    return ti._run_raw_task(
           ^^^^^^^^^^^^^^^^^
  File "/home/airflow/.local/lib/python3.11/site-packages/airflow/utils/session.py", line 97, in wrapper
    return func(*args, session=session, **kwargs)
           ^^^^^^^^^^^^^^^^^^^^^^^^^^^^^^^^^^^^^^
  File "/home/airflow/.local/lib/python3.11/site-packages/airflow/models/taskinstance.py", line 3006, in _run_raw_task
    return _run_raw_task(
           ^^^^^^^^^^^^^^
  File "/home/airflow/.local/lib/python3.11/site-packages/airflow/models/taskinstance.py", line 274, in _run_raw_task
    TaskInstance._execute_task_with_callbacks(
  File "/home/airflow/.local/lib/python3.11/site-packages/airflow/models/taskinstance.py", line 3161, in _execute_task_with_callbacks
    result = self._execute_task(context, task_orig)
             ^^^^^^^^^^^^^^^^^^^^^^^^^^^^^^^^^^^^^^
  File "/home/airflow/.local/lib/python3.11/site-packages/airflow/models/taskinstance.py", line 3185, in _execute_task
    return _execute_task(self, context, task_orig)
           ^^^^^^^^^^^^^^^^^^^^^^^^^^^^^^^^^^^^^^^
  File "/home/airflow/.local/lib/python3.11/site-packages/airflow/models/taskinstance.py", line 768, in _execute_task
    result = _execute_callable(context=context, **execute_callable_kwargs)
             ^^^^^^^^^^^^^^^^^^^^^^^^^^^^^^^^^^^^^^^^^^^^^^^^^^^^^^^^^^^^^
  File "/home/airflow/.local/lib/python3.11/site-packages/airflow/models/taskinstance.py", line 734, in _execute_callable
    return ExecutionCallableRunner(
           ^^^^^^^^^^^^^^^^^^^^^^^^
  File "/home/airflow/.local/lib/python3.11/site-packages/airflow/utils/operator_helpers.py", line 252, in run
    return self.func(*args, **kwargs)
           ^^^^^^^^^^^^^^^^^^^^^^^^^^
  File "/home/airflow/.local/lib/python3.11/site-packages/airflow/models/baseoperator.py", line 424, in wrapper
    return func(self, *args, **kwargs)
           ^^^^^^^^^^^^^^^^^^^^^^^^^^^
  File "/home/airflow/.local/lib/python3.11/site-packages/airflow/operators/python.py", line 238, in execute
    return_value = self.execute_callable()
                   ^^^^^^^^^^^^^^^^^^^^^^^
  File "/home/airflow/.local/lib/python3.11/site-packages/airflow/operators/python.py", line 256, in execute_callable
    return runner.run(*self.op_args, **self.op_kwargs)
           ^^^^^^^^^^^^^^^^^^^^^^^^^^^^^^^^^^^^^^^^^^^
  File "/home/airflow/.local/lib/python3.11/site-packages/airflow/utils/operator_helpers.py", line 252, in run
    return self.func(*args, **kwargs)
           ^^^^^^^^^^^^^^^^^^^^^^^^^^
  File "/opt/airflow/dags/flight_fare_stages_2_to_7_dag.py", line 65, in run_stage_5
    stage_5_runner(settings=Stage5Settings.from_env())
  File "/opt/airflow/src/flight_fare/stage5_advanced.py", line 583, in run_stage_5
    result = tune_estimator(
             ^^^^^^^^^^^^^^^
  File "/opt/airflow/src/flight_fare/stage5_advanced.py", line 234, in tune_estimator
    fitted_search = run_with_retries_and_timeout(
                    ^^^^^^^^^^^^^^^^^^^^^^^^^^^^^
  File "/opt/airflow/src/flight_fare/stage5_advanced.py", line 115, in run_with_retries_and_timeout
    raise last_error
flight_fare.stage5_advanced.Stage5TimeoutError: Operation 'tune_Lasso' timed out after 300.0 seconds.
[2026-03-01T14:09:19.909+0000] {local_task_job_runner.py:266} INFO - Task exited with return code 1
[2026-03-01T14:09:20.237+0000] {taskinstance.py:3901} INFO - 0 downstream tasks scheduled from follow-on schedule check
[2026-03-01T14:09:20.261+0000] {local_task_job_runner.py:245} INFO - ::endgroup::
