[2026-03-01T12:21:37.359+0000] {local_task_job_runner.py:123} INFO - ::group::Pre task execution logs
[2026-03-01T12:21:37.399+0000] {taskinstance.py:2614} INFO - Dependencies all met for dep_context=non-requeueable deps ti=<TaskInstance: flight_fare_stages_2_to_7.stage_3_eda manual__2026-03-01T12:18:51.768282+00:00 [queued]>
[2026-03-01T12:21:37.414+0000] {taskinstance.py:2614} INFO - Dependencies all met for dep_context=requeueable deps ti=<TaskInstance: flight_fare_stages_2_to_7.stage_3_eda manual__2026-03-01T12:18:51.768282+00:00 [queued]>
[2026-03-01T12:21:37.416+0000] {taskinstance.py:2867} INFO - Starting attempt 1 of 2
[2026-03-01T12:21:37.437+0000] {taskinstance.py:2890} INFO - Executing <Task(PythonOperator): stage_3_eda> on 2026-03-01 12:18:51.768282+00:00
[2026-03-01T12:21:37.456+0000] {standard_task_runner.py:72} INFO - Started process 432 to run task
[2026-03-01T12:21:37.462+0000] {standard_task_runner.py:104} INFO - Running: ['***', 'tasks', 'run', 'flight_fare_stages_2_to_7', 'stage_3_eda', 'manual__2026-03-01T12:18:51.768282+00:00', '--job-id', '6', '--raw', '--subdir', 'DAGS_FOLDER/flight_fare_stages_2_to_7_dag.py', '--cfg-path', '/tmp/tmpyjp24fdd']
[2026-03-01T12:21:37.470+0000] {standard_task_runner.py:105} INFO - Job 6: Subtask stage_3_eda
[2026-03-01T12:21:37.567+0000] {task_command.py:467} INFO - Running <TaskInstance: flight_fare_stages_2_to_7.stage_3_eda manual__2026-03-01T12:18:51.768282+00:00 [running]> on host ad5cf56276c4
[2026-03-01T12:21:37.995+0000] {taskinstance.py:3134} INFO - Exporting env vars: AIRFLOW_CTX_DAG_EMAIL='cenartech0@gmail.com' AIRFLOW_CTX_DAG_OWNER='***' AIRFLOW_CTX_DAG_ID='flight_fare_stages_2_to_7' AIRFLOW_CTX_TASK_ID='stage_3_eda' AIRFLOW_CTX_EXECUTION_DATE='2026-03-01T12:18:51.768282+00:00' AIRFLOW_CTX_TRY_NUMBER='1' AIRFLOW_CTX_DAG_RUN_ID='manual__2026-03-01T12:18:51.768282+00:00'
[2026-03-01T12:21:37.998+0000] {taskinstance.py:732} INFO - ::endgroup::
[2026-03-01T12:21:38.030+0000] {logging_mixin.py:190} WARNING - 2026-03-01 12:21:38 | INFO | flight_fare.stage3 | run_stage_3 | Starting Stage 3 pipeline execution.
[2026-03-01T12:21:38.032+0000] {logging_mixin.py:190} WARNING - 2026-03-01 12:21:38 | INFO | flight_fare.stage3 | run_stage_3 | Input dataset path: /opt/***/artifacts/stage_2/cleaned_dataset.csv
[2026-03-01T12:21:38.035+0000] {logging_mixin.py:190} WARNING - 2026-03-01 12:21:38 | INFO | flight_fare.stage3 | load_flight_dataset | Loading dataset from /opt/***/artifacts/stage_2/cleaned_dataset.csv (attempt 1/3).
[2026-03-01T12:21:38.506+0000] {logging_mixin.py:190} WARNING - 2026-03-01 12:21:38 | INFO | flight_fare.stage3 | load_flight_dataset | Dataset loaded successfully with 57000 rows.
[2026-03-01T12:21:40.596+0000] {category.py:224} INFO - Using categorical units to plot a list of strings that are all parsable as floats or dates. If these strings should be plotted as numbers, cast to the appropriate data type before plotting.
[2026-03-01T12:21:40.606+0000] {category.py:224} INFO - Using categorical units to plot a list of strings that are all parsable as floats or dates. If these strings should be plotted as numbers, cast to the appropriate data type before plotting.
[2026-03-01T12:21:41.931+0000] {logging_mixin.py:190} WARNING - 2026-03-01 12:21:41 | INFO | flight_fare.stage3 | run_stage_3 | Stage 3 completed successfully.
[2026-03-01T12:21:41.934+0000] {logging_mixin.py:190} WARNING - 2026-03-01 12:21:41 | INFO | flight_fare.stage3 | run_stage_3 | Summary report: /opt/***/artifacts/stage_3/stage3_summary_report.json
[2026-03-01T12:21:41.936+0000] {logging_mixin.py:190} WARNING - 2026-03-01 12:21:41 | INFO | flight_fare.stage3 | run_stage_3 | Plots directory: /opt/***/artifacts/stage_3/plots
[2026-03-01T12:21:41.950+0000] {python.py:240} INFO - Done. Returned value was: None
[2026-03-01T12:21:41.969+0000] {taskinstance.py:341} INFO - ::group::Post task execution logs
[2026-03-01T12:21:41.971+0000] {taskinstance.py:353} INFO - Marking task as SUCCESS. dag_id=flight_fare_stages_2_to_7, task_id=stage_3_eda, run_id=manual__2026-03-01T12:18:51.768282+00:00, execution_date=20260301T121851, start_date=20260301T122137, end_date=20260301T122141
[2026-03-01T12:21:42.070+0000] {local_task_job_runner.py:266} INFO - Task exited with return code 0
[2026-03-01T12:21:42.111+0000] {taskinstance.py:3901} INFO - 1 downstream tasks scheduled from follow-on schedule check
[2026-03-01T12:21:42.117+0000] {local_task_job_runner.py:245} INFO - ::endgroup::
